franklin@Rorschach:~$ mysql
The program 'mysql' can be found in the following packages:
 * mysql-client-core-5.7
  * mariadb-client-core-10.0
  Try: sudo apt install <selected package>
  franklin@Rorschach:~$ cd Downloads/
  franklin@Rorschach:~/Downloads$ ls -lh
  total 3.0G
  -rw-rw-r--  1 franklin franklin  57K Jul  6 11:09 giphy.gif
  -rw-rw-r--  1 franklin franklin  35K Jul 10 12:37 mysql-apt-config_0.8.6-1_all.deb
  drwxrwxr-x 10 franklin franklin 4.0K Jul  5 14:25 tmux-resurrect
  franklin@Rorschach:~/Downloads$ sudo dpkg -i ./mysql-apt-config_0.8.6-1_all.deb
  [sudo] password for franklin:
  Selecting previously unselected package mysql-apt-config.
  (Reading database ... 222314 files and directories currently installed.)
  Preparing to unpack .../mysql-apt-config_0.8.6-1_all.deb ...
  Unpacking mysql-apt-config (0.8.6-1) ...
  Setting up mysql-apt-config (0.8.6-1) ...
  OK
  franklin@Rorschach:~/Downloads$ sudo apt-get update
  Ign:1 http://dl.google.com/linux/chrome/deb stable InRelease
  Hit:2 http://dl.google.com/linux/chrome/deb stable Release
  Get:3 http://repo.mysql.com/apt/ubuntu xenial InRelease [19.1 kB]
  Hit:5 http://us.archive.ubuntu.com/ubuntu xenial InRelease
  Get:6 http://security.ubuntu.com/ubuntu xenial-security InRelease [102 kB]
  Get:7 http://us.archive.ubuntu.com/ubuntu xenial-updates InRelease [102 kB]
  Hit:8 http://repository.spotify.com stable InRelease
  Get:9 http://repo.mysql.com/apt/ubuntu xenial/mysql-5.7 Sources [886 B]
  Get:10 http://us.archive.ubuntu.com/ubuntu xenial-backports InRelease [102 kB]
  Get:11 https://cran.revolutionanalytics.com/bin/linux/ubuntu xenial/ InRelease [3,590 B]
  Get:12 http://us.archive.ubuntu.com/ubuntu xenial-updates/main amd64 DEP-11 Metadata [300 kB]
  Get:13 http://repo.mysql.com/apt/ubuntu xenial/mysql-apt-config amd64 Packages [567 B]
  Get:14 http://security.ubuntu.com/ubuntu xenial-security/main amd64 DEP-11 Metadata [54.6 kB]
  Get:15 http://us.archive.ubuntu.com/ubuntu xenial-updates/main DEP-11 64x64 Icons [203 kB]
  Get:16 http://us.archive.ubuntu.com/ubuntu xenial-updates/universe amd64 Packages [504 kB]
  Get:17 http://repo.mysql.com/apt/ubuntu xenial/mysql-apt-config i386 Packages [567 B]
  Ign:11 https://cran.revolutionanalytics.com/bin/linux/ubuntu xenial/ InRelease
  Get:18 http://security.ubuntu.com/ubuntu xenial-security/main DEP-11 64x64 Icons [47.3 kB]
  Get:19 http://security.ubuntu.com/ubuntu xenial-security/universe amd64 DEP-11 Metadata [35.7 kB]
  Get:20 http://repo.mysql.com/apt/ubuntu xenial/mysql-5.7 amd64 Packages [2,817 B]
  Get:21 http://us.archive.ubuntu.com/ubuntu xenial-updates/universe i386 Packages [487 kB]
  Get:22 http://us.archive.ubuntu.com/ubuntu xenial-updates/universe Translation-en [196 kB]
  Get:23 http://us.archive.ubuntu.com/ubuntu xenial-updates/universe amd64 DEP-11 Metadata [163 kB]
  Get:24 http://us.archive.ubuntu.com/ubuntu xenial-updates/universe DEP-11 64x64 Icons [212 kB]
  Get:25 http://security.ubuntu.com/ubuntu xenial-security/universe DEP-11 64x64 Icons [52.2 kB]
  Get:26 http://repo.mysql.com/apt/ubuntu xenial/mysql-5.7 i386 Packages [2,810 B]
  Get:27 http://us.archive.ubuntu.com/ubuntu xenial-updates/multiverse amd64 DEP-11 Metadata [2,520 B]
  Get:28 http://us.archive.ubuntu.com/ubuntu xenial-backports/main amd64 DEP-11 Metadata [3,324 B]
  Get:29 http://us.archive.ubuntu.com/ubuntu xenial-backports/universe amd64 DEP-11 Metadata [4,672 B]
  Get:30 http://repo.mysql.com/apt/ubuntu xenial/mysql-tools amd64 Packages [2,878 B]
  Get:31 http://repo.mysql.com/apt/ubuntu xenial/mysql-tools i386 Packages [2,149 B]
  Fetched 2,606 kB in 1s (1,839 kB/s)
  Reading package lists... Done
  W: GPG error: https://cran.revolutionanalytics.com/bin/linux/ubuntu xenial/ InRelease: The following signatures couldn't be verified because the public key is not available: NO_PUBKEY 51716619E084DAB9
W: The repository 'https://cran.revolutionanalytics.com/bin/linux/ubuntu xenial/ InRelease' is not signed.
N: Data from such a repository can't be authenticated and is therefore potentially dangerous to use.
N: See apt-secure(8) manpage for repository creation and user configuration details.
franklin@Rorschach:~/Downloads$ sudo apt-get install mysql-server
Reading package lists... Done
Building dependency tree
Reading state information... Done
The following package was automatically installed and is no longer required:
  snap-confine
  Use 'sudo apt autoremove' to remove it.
  The following additional packages will be installed:
    libaio1 libmecab2 mysql-client mysql-common mysql-community-client mysql-community-server
    The following NEW packages will be installed:
      libaio1 libmecab2 mysql-client mysql-common mysql-community-client mysql-community-server mysql-server
      0 upgraded, 7 newly installed, 0 to remove and 33 not upgraded.
      Need to get 32.5 MB of archives.
      After this operation, 240 MB of additional disk space will be used.
      Do you want to continue? [Y/n]
      Get:1 http://us.archive.ubuntu.com/ubuntu xenial/main amd64 libaio1 amd64 0.3.110-2 [6,356 B]
      Get:2 http://repo.mysql.com/apt/ubuntu xenial/mysql-5.7 amd64 mysql-common amd64 5.7.18-1ubuntu16.04 [78.6 kB]
      Get:3 http://repo.mysql.com/apt/ubuntu xenial/mysql-5.7 amd64 mysql-community-client amd64 5.7.18-1ubuntu16.04 [7,364 kB]
      Get:4 http://us.archive.ubuntu.com/ubuntu xenial/universe amd64 libmecab2 amd64 0.996-1.2ubuntu1 [264 kB]
      Get:5 http://repo.mysql.com/apt/ubuntu xenial/mysql-5.7 amd64 mysql-client amd64 5.7.18-1ubuntu16.04 [12.6 kB]
      Get:6 http://repo.mysql.com/apt/ubuntu xenial/mysql-5.7 amd64 mysql-community-server amd64 5.7.18-1ubuntu16.04 [24.7 MB]
      Get:7 http://repo.mysql.com/apt/ubuntu xenial/mysql-5.7 amd64 mysql-server amd64 5.7.18-1ubuntu16.04 [12.6 kB]
      Fetched 32.5 MB in 2s (13.7 MB/s)
      Preconfiguring packages ...
      Selecting previously unselected package mysql-common.
      (Reading database ... 222319 files and directories currently installed.)
      Preparing to unpack .../mysql-common_5.7.18-1ubuntu16.04_amd64.deb ...
      Unpacking mysql-common (5.7.18-1ubuntu16.04) ...
      Selecting previously unselected package libaio1:amd64.
      Preparing to unpack .../libaio1_0.3.110-2_amd64.deb ...
      Unpacking libaio1:amd64 (0.3.110-2) ...
      Selecting previously unselected package mysql-community-client.
      Preparing to unpack .../mysql-community-client_5.7.18-1ubuntu16.04_amd64.deb ...
      Unpacking mysql-community-client (5.7.18-1ubuntu16.04) ...
      Selecting previously unselected package mysql-client.
      Preparing to unpack .../mysql-client_5.7.18-1ubuntu16.04_amd64.deb ...
      Unpacking mysql-client (5.7.18-1ubuntu16.04) ...
      Selecting previously unselected package libmecab2.
      Preparing to unpack .../libmecab2_0.996-1.2ubuntu1_amd64.deb ...
      Unpacking libmecab2 (0.996-1.2ubuntu1) ...
      Selecting previously unselected package mysql-community-server.
      Preparing to unpack .../mysql-community-server_5.7.18-1ubuntu16.04_amd64.deb ...
      Unpacking mysql-community-server (5.7.18-1ubuntu16.04) ...
      Selecting previously unselected package mysql-server.
      Preparing to unpack .../mysql-server_5.7.18-1ubuntu16.04_amd64.deb ...
      Unpacking mysql-server (5.7.18-1ubuntu16.04) ...
      Processing triggers for libc-bin (2.23-0ubuntu9) ...
      Processing triggers for man-db (2.7.5-1) ...
      Processing triggers for systemd (229-4ubuntu17) ...
      Processing triggers for ureadahead (0.100.0-19) ...
      ureadahead will be reprofiled on next reboot
      Setting up mysql-common (5.7.18-1ubuntu16.04) ...
      update-alternatives: using /etc/mysql/my.cnf.fallback to provide /etc/mysql/my.cnf (my.cnf) in auto mode
      Setting up libaio1:amd64 (0.3.110-2) ...
      Setting up mysql-community-client (5.7.18-1ubuntu16.04) ...
      Setting up mysql-client (5.7.18-1ubuntu16.04) ...
      Setting up libmecab2 (0.996-1.2ubuntu1) ...
      Setting up mysql-community-server (5.7.18-1ubuntu16.04) ...
      update-alternatives: using /etc/mysql/mysql.cnf to provide /etc/mysql/my.cnf (my.cnf) in auto mode
      Setting up mysql-server (5.7.18-1ubuntu16.04) ...
      Processing triggers for libc-bin (2.23-0ubuntu9) ...
      Processing triggers for systemd (229-4ubuntu17) ...
      Processing triggers for ureadahead (0.100.0-19) ...
      franklin@Rorschach:~/Downloads$ sudo service mysql status
      ● mysql.service - MySQL Community Server
         Loaded: loaded (/lib/systemd/system/mysql.service; enabled; vendor preset: enabled)
	    Active: active (running) since Mon 2017-07-10 12:40:08 CDT; 57s ago
	     Main PID: 923 (mysqld)
	        CGroup: /system.slice/mysql.service
		           └─923 /usr/sbin/mysqld --daemonize --pid-file=/var/run/mysqld/mysqld.pid

Jul 10 12:40:07 Rorschach systemd[1]: Starting MySQL Community Server...
Jul 10 12:40:08 Rorschach systemd[1]: Started MySQL Community Server.
franklin@Rorschach:~/Downloads$ sudo service mysql stop
franklin@Rorschach:~/Downloads$ sudo service mysql status
● mysql.service - MySQL Community Server
   Loaded: loaded (/lib/systemd/system/mysql.service; enabled; vendor preset: enabled)
      Active: inactive (dead) since Mon 2017-07-10 12:41:26 CDT; 2s ago
       Main PID: 923 (code=exited, status=0/SUCCESS)

Jul 10 12:40:07 Rorschach systemd[1]: Starting MySQL Community Server...
Jul 10 12:40:08 Rorschach systemd[1]: Started MySQL Community Server.
Jul 10 12:41:25 Rorschach systemd[1]: Stopping MySQL Community Server...
Jul 10 12:41:26 Rorschach systemd[1]: Stopped MySQL Community Server.
franklin@Rorschach:~/Downloads$ sudo service mysql start
franklin@Rorschach:~/Downloads$ sudo service mysql status
● mysql.service - MySQL Community Server
   Loaded: loaded (/lib/systemd/system/mysql.service; enabled; vendor preset: enabled)
      Active: active (running) since Mon 2017-07-10 12:41:38 CDT; 1s ago
        Process: 1166 ExecStart=/usr/sbin/mysqld --daemonize --pid-file=/var/run/mysqld/mysqld.pid (code=exited, status=0/SUCCESS)
	  Process: 1115 ExecStartPre=/usr/share/mysql/mysql-systemd-start pre (code=exited, status=0/SUCCESS)
	   Main PID: 1168 (mysqld)
	      CGroup: /system.slice/mysql.service
	                 └─1168 /usr/sbin/mysqld --daemonize --pid-file=/var/run/mysqld/mysqld.pid

Jul 10 12:41:37 Rorschach systemd[1]: Starting MySQL Community Server...
Jul 10 12:41:38 Rorschach systemd[1]: Started MySQL Community Server.
franklin@Rorschach:~/Downloads$ cd ~
franklin@Rorschach:~$ mysql --help
mysql  Ver 14.14 Distrib 5.7.18, for Linux (x86_64) using  EditLine wrapper
Copyright (c) 2000, 2017, Oracle and/or its affiliates. All rights reserved.

Oracle is a registered trademark of Oracle Corporation and/or its
affiliates. Other names may be trademarks of their respective
owners.

Usage: mysql [OPTIONS] [database]
  -?, --help          Display this help and exit.
    -I, --help          Synonym for -?
      --auto-rehash       Enable automatic rehashing. One doesn't need to use
                            'rehash' to get table and field completion, but startup
			                          and reconnecting may take a longer time. Disable with
						                        --disable-auto-rehash.
									                      (Defaults to on; use --skip-auto-rehash to disable.)
											        -A, --no-auto-rehash
												                      No automatic rehashing. One has to use 'rehash' to get
														                            table and field completion. This gives a quicker start of
																	                          mysql and disables rehashing on reconnect.
																				    --auto-vertical-output
																				                          Automatically switch to vertical output mode if the
																							                        result is wider than the terminal width.
																										  -B, --batch         Don't use history file. Disable interactive behavior.
																										                        (Enables --silent.)
																													  --bind-address=name IP address to bind to.
																													    --character-sets-dir=name
																													                          Directory for character set files.
																																    --column-type-info  Display column type information.
																																      -c, --comments      Preserve comments. Send comments to the server. The
																																                            default is --skip-comments (discard comments), enable
																																			                          with --comments.
																																						    -C, --compress      Use compression in server/client protocol.
																																						      -#, --debug[=#]     This is a non-debug version. Catch this and exit.
																																						        --debug-check       This is a non-debug version. Catch this and exit.
																																							  -T, --debug-info    This is a non-debug version. Catch this and exit.
																																							    -D, --database=name Database to use.
																																							      --default-character-set=name
																																							                            Set the default character set.
																																										      --delimiter=name    Delimiter to be used.
																																										        --enable-cleartext-plugin
																																											                      Enable/disable the clear text authentication plugin.
																																													        -e, --execute=name  Execute command and quit. (Disables --force and history
																																														                      file.)
																																																        -E, --vertical      Print the output of a query (rows) vertically.
																																																	  -f, --force         Continue even if we get an SQL error.
																																																	    --histignore=name   A colon-separated list of patterns to keep statements
																																																	                          from getting logged into syslog and mysql history.
																																																				    -G, --named-commands
																																																				                          Enable named commands. Named commands mean this program's
                      internal commands; see mysql> help . When enabled, the
                      named commands can be used from any line of the query,
                      otherwise only from the first line, before an enter.
                      Disable with --disable-named-commands. This option is
                      disabled by default.
  -i, --ignore-spaces Ignore space after function names.
  --init-command=name SQL Command to execute when connecting to MySQL server.
                      Will automatically be re-executed when reconnecting.
  --local-infile      Enable/disable LOAD DATA LOCAL INFILE.
  -b, --no-beep       Turn off beep on error.
  -h, --host=name     Connect to host.
  -H, --html          Produce HTML output.
  -X, --xml           Produce XML output.
  --line-numbers      Write line numbers for errors.
                      (Defaults to on; use --skip-line-numbers to disable.)
  -L, --skip-line-numbers
                      Don't write line number for errors.
		        -n, --unbuffered    Flush buffer after each query.
			  --column-names      Write column names in results.
			                        (Defaults to on; use --skip-column-names to disable.)
						  -N, --skip-column-names
						                        Don't write column names in results.
  --sigint-ignore     Ignore SIGINT (CTRL-C).
  -o, --one-database  Ignore statements except those that occur while the
                      default database is the one named at the command line.
  --pager[=name]      Pager to use to display results. If you don't supply an
                        option, the default pager is taken from your ENV variable
			                      PAGER. Valid pagers are less, more, cat [> filename],
					                            etc. See interactive help (\h) also. This option does not
								                          work in batch mode. Disable with --disable-pager. This
											                        option is disabled by default.
														  -p, --password[=name]
														                        Password to use when connecting to server. If password is
																	                      not given it's asked from the tty.
  -P, --port=#        Port number to use for connection or 0 for default to, in
                      order of preference, my.cnf, $MYSQL_TCP_PORT,
                      /etc/services, built-in default (3306).
  --prompt=name       Set the mysql prompt to this value.
  --protocol=name     The protocol to use for connection (tcp, socket, pipe,
                      memory).
  -q, --quick         Don't cache result, print it row by row. This may slow
                        down the server if the output is suspended. Doesn't use
                      history file.
  -r, --raw           Write fields without conversion. Used with --batch.
  --reconnect         Reconnect if the connection is lost. Disable with
                      --disable-reconnect. This option is enabled by default.
                      (Defaults to on; use --skip-reconnect to disable.)
  -s, --silent        Be more silent. Print results with a tab as separator,
                      each row on new line.
  -S, --socket=name   The socket file to use for connection.
  --ssl-mode=name     SSL connection mode.
  --ssl               Deprecated. Use --ssl-mode instead.
                      (Defaults to on; use --skip-ssl to disable.)
  --ssl-verify-server-cert
                      Deprecated. Use --ssl-mode=VERIFY_IDENTITY instead.
  --ssl-ca=name       CA file in PEM format.
  --ssl-capath=name   CA directory.
  --ssl-cert=name     X509 cert in PEM format.
  --ssl-cipher=name   SSL cipher to use.
  --ssl-key=name      X509 key in PEM format.
  --ssl-crl=name      Certificate revocation list.
  --ssl-crlpath=name  Certificate revocation list path.
  --tls-version=name  TLS version to use, permitted values are: TLSv1, TLSv1.1
  -t, --table         Output in table format.
  --tee=name          Append everything into outfile. See interactive help (\h)
                      also. Does not work in batch mode. Disable with
                      --disable-tee. This option is disabled by default.
  -u, --user=name     User for login if not current user.
  -U, --safe-updates  Only allow UPDATE and DELETE that uses keys.
  -U, --i-am-a-dummy  Synonym for option --safe-updates, -U.
  -v, --verbose       Write more. (-v -v -v gives the table output format).
  -V, --version       Output version information and exit.
  -w, --wait          Wait and retry if connection is down.
  --connect-timeout=# Number of seconds before connection timeout.
  --max-allowed-packet=#
                      The maximum packet length to send to or receive from
                      server.
  --net-buffer-length=#
                      The buffer size for TCP/IP and socket communication.
  --select-limit=#    Automatic limit for SELECT when using --safe-updates.
  --max-join-size=#   Automatic limit for rows in a join when using
                      --safe-updates.
  --secure-auth       Refuse client connecting to server if it uses old
                      (pre-4.1.1) protocol. Deprecated. Always TRUE
  --server-arg=name   Send embedded server this as a parameter.
  --show-warnings     Show warnings after every statement.
  -j, --syslog        Log filtered interactive commands to syslog. Filtering of
                      commands depends on the patterns supplied via histignore
                      option besides the default patterns.
  --plugin-dir=name   Directory for client-side plugins.
  --default-auth=name Default authentication client-side plugin to use.
  --binary-mode       By default, ASCII '\0' is disallowed and '\r\n' is
                      translated to '\n'. This switch turns off both features,
                      and also turns off parsing of all clientcommands except
                      \C and DELIMITER, in non-interactive mode (for input
                      piped to mysql or loaded using the 'source' command).
                      This is necessary when processing output from mysqlbinlog
                      that may contain blobs.
  --connect-expired-password
                      Notify the server that this client is prepared to handle
                      expired password sandbox mode.

Default options are read from the following files in the given order:
/etc/my.cnf /etc/mysql/my.cnf ~/.my.cnf
The following groups are read: mysql client
The following options may be given as the first argument:
--print-defaults        Print the program argument list and exit.
--no-defaults           Don't read default options from any option file,
                        except for login file.
			--defaults-file=#       Only read default options from the given file #.
			--defaults-extra-file=# Read this file after the global files are read.
			--defaults-group-suffix=#
			                        Also read groups with concat(group, suffix)
						--login-path=#          Read this path from the login file.

Variables (--variable-name=value)
and boolean options {FALSE|TRUE}  Value (after reading options)
--------------------------------- ----------------------------------------
auto-rehash                       TRUE
auto-vertical-output              FALSE
bind-address                      (No default value)
character-sets-dir                (No default value)
column-type-info                  FALSE
comments                          FALSE
compress                          FALSE
database                          (No default value)
default-character-set             auto
delimiter                         ;
enable-cleartext-plugin           FALSE
vertical                          FALSE
force                             FALSE
histignore                        (No default value)
named-commands                    FALSE
ignore-spaces                     FALSE
init-command                      (No default value)
local-infile                      FALSE
no-beep                           FALSE
host                              (No default value)
html                              FALSE
xml                               FALSE
line-numbers                      TRUE
unbuffered                        FALSE
column-names                      TRUE
sigint-ignore                     FALSE
port                              0
prompt                            mysql>
quick                             FALSE
raw                               FALSE
reconnect                         TRUE
socket                            (No default value)
ssl                               TRUE
ssl-verify-server-cert            FALSE
ssl-ca                            (No default value)
ssl-capath                        (No default value)
ssl-cert                          (No default value)
ssl-cipher                        (No default value)
ssl-key                           (No default value)
ssl-crl                           (No default value)
ssl-crlpath                       (No default value)
tls-version                       (No default value)
table                             FALSE
user                              (No default value)
safe-updates                      FALSE
i-am-a-dummy                      FALSE
connect-timeout                   0
max-allowed-packet                16777216
net-buffer-length                 16384
select-limit                      1000
max-join-size                     1000000
secure-auth                       TRUE
show-warnings                     FALSE
plugin-dir                        (No default value)
default-auth                      (No default value)
binary-mode                       FALSE
connect-expired-password          FALSE
franklin@Rorschach:~$ mysql -u admin -p
Enter password:
ERROR 1045 (28000): Access denied for user 'admin'@'localhost' (using password: YES)
franklin@Rorschach:~$ mysql -u root -p
Enter password:
Welcome to the MySQL monitor.  Commands end with ; or \g.
Your MySQL connection id is 4
Server version: 5.7.18 MySQL Community Server (GPL)

Copyright (c) 2000, 2017, Oracle and/or its affiliates. All rights reserved.

Oracle is a registered trademark of Oracle Corporation and/or its
affiliates. Other names may be trademarks of their respective
owners.

Type 'help;' or '\h' for help. Type '\c' to clear the current input statement.

mysql> quit
Bye
franklin@Rorschach:~$ mysql -u root -p
Enter password:
Welcome to the MySQL monitor.  Commands end with ; or \g.
Your MySQL connection id is 5
Server version: 5.7.18 MySQL Community Server (GPL)

Copyright (c) 2000, 2017, Oracle and/or its affiliates. All rights reserved.

Oracle is a registered trademark of Oracle Corporation and/or its
affiliates. Other names may be trademarks of their respective
owners.

Type 'help;' or '\h' for help. Type '\c' to clear the current input statement.

mysql> select version(), current_date;
+-----------+--------------+
| version() | current_date |
+-----------+--------------+
| 5.7.18    | 2017-07-10   |
+-----------+--------------+
1 row in set (0.00 sec)

mysql> select sin(pi()/4), (4+1)*5;
+--------------------+---------+
| sin(pi()/4)        | (4+1)*5 |
+--------------------+---------+
| 0.7071067811865475 |      25 |
+--------------------+---------+
1 row in set (0.00 sec)

mysql> select version(); select now();
+-----------+
| version() |
+-----------+
| 5.7.18    |
+-----------+
1 row in set (0.00 sec)

+---------------------+
| now()               |
+---------------------+
| 2017-07-10 12:47:20 |
+---------------------+
1 row in set (0.00 sec)

mysql> select
    -> user()
        -> ,
	    -> current_date;
	    +----------------+--------------+
	    | user()         | current_date |
	    +----------------+--------------+
	    | root@localhost | 2017-07-10   |
	    +----------------+--------------+
	    1 row in set (0.00 sec)

mysql> select
    -> user()
        -> \c
	mysql> select user()
	    -> ;
	    +----------------+
	    | user()         |
	    +----------------+
	    | root@localhost |
	    +----------------+
	    1 row in set (0.00 sec)

mysql> show databases;
+--------------------+
| Database           |
+--------------------+
| information_schema |
| mysql              |
| performance_schema |
| sys                |
+--------------------+
4 rows in set (0.00 sec)

mysql> use mysql
Reading table information for completion of table and column names
You can turn off this feature to get a quicker startup with -A

Database changed
mysql> show tables
    -> ;
    +---------------------------+
    | Tables_in_mysql           |
    +---------------------------+
    | columns_priv              |
    | db                        |
    | engine_cost               |
    | event                     |
    | func                      |
    | general_log               |
    | gtid_executed             |
    | help_category             |
    | help_keyword              |
    | help_relation             |
    | help_topic                |
    | innodb_index_stats        |
    | innodb_table_stats        |
    | ndb_binlog_index          |
    | plugin                    |
    | proc                      |
    | procs_priv                |
    | proxies_priv              |
    | server_cost               |
    | servers                   |
    | slave_master_info         |
    | slave_relay_log_info      |
    | slave_worker_info         |
    | slow_log                  |
    | tables_priv               |
    | time_zone                 |
    | time_zone_leap_second     |
    | time_zone_name            |
    | time_zone_transition      |
    | time_zone_transition_type |
    | user                      |
    +---------------------------+
    31 rows in set (0.01 sec)

mysql> create user
    -> user franklin
        -> ;
	ERROR 1064 (42000): You have an error in your SQL syntax; check the manual that corresponds to your MySQL server version for the right syntax to use near 'franklin' at line 2
	mysql> create user franklin;
	Query OK, 0 rows affected (0.00 sec)

mysql> quit
Bye
franklin@Rorschach:~$ mysql -u franklin -p
Enter password:
ERROR 1045 (28000): Access denied for user 'franklin'@'localhost' (using password: YES)
franklin@Rorschach:~$ mysql -u franklin
Welcome to the MySQL monitor.  Commands end with ; or \g.
Your MySQL connection id is 7
Server version: 5.7.18 MySQL Community Server (GPL)

Copyright (c) 2000, 2017, Oracle and/or its affiliates. All rights reserved.

Oracle is a registered trademark of Oracle Corporation and/or its
affiliates. Other names may be trademarks of their respective
owners.

Type 'help;' or '\h' for help. Type '\c' to clear the current input statement.

mysql> show databases
    -> ;
    +--------------------+
    | Database           |
    +--------------------+
    | information_schema |
    +--------------------+
    1 row in set (0.00 sec)

mysql> use test
ERROR 1044 (42000): Access denied for user 'franklin'@'%' to database 'test'
mysql> create database menagerie;
ERROR 1044 (42000): Access denied for user 'franklin'@'%' to database 'menagerie'
mysql> quit
Bye
franklin@Rorschach:~$ mysql -u root -p
Enter password:
Welcome to the MySQL monitor.  Commands end with ; or \g.
Your MySQL connection id is 8
Server version: 5.7.18 MySQL Community Server (GPL)

Copyright (c) 2000, 2017, Oracle and/or its affiliates. All rights reserved.

Oracle is a registered trademark of Oracle Corporation and/or its
affiliates. Other names may be trademarks of their respective
owners.

Type 'help;' or '\h' for help. Type '\c' to clear the current input statement.

mysql> show grants for 'franklin'
    -> ;
    +--------------------------------------+
    | Grants for franklin@%                |
    +--------------------------------------+
    | GRANT USAGE ON *.* TO 'franklin'@'%' |
    +--------------------------------------+
    1 row in set (0.00 sec)

mysql> grant * on * to franklin
    -> ;
    ERROR 1064 (42000): You have an error in your SQL syntax; check the manual that corresponds to your MySQL server version for the right syntax to use near '* on * to franklin' at line 1
    mysql> grant *.* on *.* to franklin;
    ERROR 1064 (42000): You have an error in your SQL syntax; check the manual that corresponds to your MySQL server version for the right syntax to use near '*.* on *.* to franklin' at line 1
    mysql> grant all on *.* to 'franklin';
    Query OK, 0 rows affected (0.00 sec)

mysql> quit
Bye
franklin@Rorschach:~$ mysql -u franklin
Welcome to the MySQL monitor.  Commands end with ; or \g.
Your MySQL connection id is 9
Server version: 5.7.18 MySQL Community Server (GPL)

Copyright (c) 2000, 2017, Oracle and/or its affiliates. All rights reserved.

Oracle is a registered trademark of Oracle Corporation and/or its
affiliates. Other names may be trademarks of their respective
owners.

Type 'help;' or '\h' for help. Type '\c' to clear the current input statement.

mysql> create database menagerie;
Query OK, 1 row affected (0.00 sec)

mysql> show databases
    -> ;
    +--------------------+
    | Database           |
    +--------------------+
    | information_schema |
    | menagerie          |
    | mysql              |
    | performance_schema |
    | sys                |
    +--------------------+
    5 rows in set (0.00 sec)

mysql> use menagerie;
Database changed
mysql> quit
Bye
franklin@Rorschach:~$ mysql -u franklin menagerie
Welcome to the MySQL monitor.  Commands end with ; or \g.
Your MySQL connection id is 10
Server version: 5.7.18 MySQL Community Server (GPL)

Copyright (c) 2000, 2017, Oracle and/or its affiliates. All rights reserved.

Oracle is a registered trademark of Oracle Corporation and/or its
affiliates. Other names may be trademarks of their respective
owners.

Type 'help;' or '\h' for help. Type '\c' to clear the current input statement.

mysql> select database()
    -> ;
    +------------+
    | database() |
    +------------+
    | menagerie  |
    +------------+
    1 row in set (0.00 sec)

mysql> show tables;
Empty set (0.00 sec)

mysql> create table pet (name varchar(20), owner varchar(20), species varchar(20), sex char(1), birth date, death date);
Query OK, 0 rows affected (0.31 sec)

mysql> show tables;
+---------------------+
| Tables_in_menagerie |
+---------------------+
| pet                 |
+---------------------+
1 row in set (0.00 sec)

mysql> describe pet;
+---------+-------------+------+-----+---------+-------+
| Field   | Type        | Null | Key | Default | Extra |
+---------+-------------+------+-----+---------+-------+
| name    | varchar(20) | YES  |     | NULL    |       |
| owner   | varchar(20) | YES  |     | NULL    |       |
| species | varchar(20) | YES  |     | NULL    |       |
| sex     | char(1)     | YES  |     | NULL    |       |
| birth   | date        | YES  |     | NULL    |       |
| death   | date        | YES  |     | NULL    |       |
+---------+-------------+------+-----+---------+-------+
6 rows in set (0.00 sec)

mysql> help describe
Name: 'EXPLAIN'
Description:
Syntax:
{EXPLAIN | DESCRIBE | DESC}
    tbl_name [col_name | wild]

{EXPLAIN | DESCRIBE | DESC}
    [explain_type]
        {explainable_stmt | FOR CONNECTION connection_id}

explain_type: {
    EXTENDED
      | PARTITIONS
        | FORMAT = format_name
	}

format_name: {
    TRADITIONAL
      | JSON
      }

explainable_stmt: {
    SELECT statement
      | DELETE statement
        | INSERT statement
	  | REPLACE statement
	    | UPDATE statement
	    }

The DESCRIBE and EXPLAIN statements are synonyms. In practice, the
DESCRIBE keyword is more often used to obtain information about table
structure, whereas EXPLAIN is used to obtain a query execution plan
(that is, an explanation of how MySQL would execute a query). The
following discussion uses the DESCRIBE and EXPLAIN keywords in
accordance with those uses, but the MySQL parser treats them as
completely synonymous.

o http://dev.mysql.com/doc/refman/5.7/en/explain.html#explain-table-str
  ucture

o http://dev.mysql.com/doc/refman/5.7/en/explain.html#explain-execution
  -plan

Obtaining Table Structure Information

DESCRIBE provides information about the columns in a table:

mysql> DESCRIBE City;
+------------+----------+------+-----+---------+----------------+
| Field      | Type     | Null | Key | Default | Extra          |
+------------+----------+------+-----+---------+----------------+
| Id         | int(11)  | NO   | PRI | NULL    | auto_increment |
| Name       | char(35) | NO   |     |         |                |
| Country    | char(3)  | NO   | UNI |         |                |
| District   | char(20) | YES  | MUL |         |                |
| Population | int(11)  | NO   |     | 0       |                |
+------------+----------+------+-----+---------+----------------+

DESCRIBE is a shortcut for SHOW COLUMNS. These statements also display
information for views. The description for SHOW COLUMNS provides more
information about the output columns. See [HELP SHOW COLUMNS].

By default, DESCRIBE displays information about all columns in the
table. col_name, if given, is the name of a column in the table. In
this case, the statement displays information only for the named
column. wild, if given, is a pattern string. It can contain the SQL %
and _ wildcard characters. In this case, the statement displays output
only for the columns with names matching the string. There is no need
to enclose the string within quotation marks unless it contains spaces
or other special characters.

The DESCRIBE statement is provided for compatibility with Oracle.

The SHOW CREATE TABLE, SHOW TABLE STATUS, and SHOW INDEX statements
also provide information about tables. See [HELP SHOW].

Obtaining Execution Plan Information

The EXPLAIN statement provides information about how MySQL executes
statements:

o EXPLAIN works with SELECT, DELETE, INSERT, REPLACE, and UPDATE
  statements.

o When EXPLAIN is used with an explainable statement, MySQL displays
  information from the optimizer about the statement execution plan.
    That is, MySQL explains how it would process the statement, including
      information about how tables are joined and in which order. For
        information about using EXPLAIN to obtain execution plan information,
	  see http://dev.mysql.com/doc/refman/5.7/en/explain-output.html.

o When EXPLAIN is used with FOR CONNECTION connection_id rather than an
  explainable statement, it displays the execution plan for the
    statement executing in the named connection. See
      http://dev.mysql.com/doc/refman/5.7/en/explain-for-connection.html.

o For SELECT statements, EXPLAIN produces additional execution plan
  information. See
    http://dev.mysql.com/doc/refman/5.7/en/explain-extended.html.

  *Note*:

  In older MySQL releases, extended information was produced using
    EXPLAIN EXTENDED. That syntax is still recognized for backward
      compatibility but extended output is now enabled by default, so the
        EXTENDED keyword is superfluous and deprecated. Its use results in a
	  warning, and it will be removed from EXPLAIN syntax in a future MySQL
	    release.

o EXPLAIN is useful for examining queries involving partitioned tables.
  See http://dev.mysql.com/doc/refman/5.7/en/partitioning-info.html.

  *Note*:

  In older MySQL releases, partition information was produced using
    EXPLAIN PARTITIONS. That syntax is still recognized for backward
      compatibility but partition output is now enabled by default, so the
        PARTITIONS keyword is superfluous and deprecated. Its use results in
	  a warning, and it will be removed from EXPLAIN syntax in a future
	    MySQL release.

o The FORMAT option can be used to select the output format.
  TRADITIONAL presents the output in tabular format. This is the
    default if no FORMAT option is present. JSON format displays the
      information in JSON format.

With the help of EXPLAIN, you can see where you should add indexes to
tables so that the statement executes faster by using indexes to find
rows. You can also use EXPLAIN to check whether the optimizer joins the
tables in an optimal order. To give a hint to the optimizer to use a
join order corresponding to the order in which the tables are named in
a SELECT statement, begin the statement with SELECT STRAIGHT_JOIN
rather than just SELECT. (See
http://dev.mysql.com/doc/refman/5.7/en/select.html.)

The optimizer trace may sometimes provide information complementary to
that of EXPLAIN. However, the optimizer trace format and content are
subject to change between versions. For details, see MySQL Internals:
Tracing the Optimizer
(http://dev.mysql.com/doc/internals/en/optimizer-tracing.html).

If you have a problem with indexes not being used when you believe that
they should be, run ANALYZE TABLE to update table statistics, such as
cardinality of keys, that can affect the choices the optimizer makes.
See [HELP ANALYZE TABLE].

URL: http://dev.mysql.com/doc/refman/5.7/en/explain.html


mysql> load data local infile '/home/franklin/Documents/mysql/pets.txt' into table pet;
Query OK, 3 rows affected (0.03 sec)
Records: 3  Deleted: 0  Skipped: 0  Warnings: 0

mysql> ?

For information about MySQL products and services, visit:
   http://www.mysql.com/
   For developer information, including the MySQL Reference Manual, visit:
      http://dev.mysql.com/
      To buy MySQL Enterprise support, training, or other products, visit:
         https://shop.mysql.com/

List of all MySQL commands:
Note that all text commands must be first on line and end with ';'
?         (\?) Synonym for `help'.
clear     (\c) Clear the current input statement.
connect   (\r) Reconnect to the server. Optional arguments are db and host.
delimiter (\d) Set statement delimiter.
edit      (\e) Edit command with $EDITOR.
ego       (\G) Send command to mysql server, display result vertically.
exit      (\q) Exit mysql. Same as quit.
go        (\g) Send command to mysql server.
help      (\h) Display this help.
nopager   (\n) Disable pager, print to stdout.
notee     (\t) Don't write into outfile.
pager     (\P) Set PAGER [to_pager]. Print the query results via PAGER.
print     (\p) Print current command.
prompt    (\R) Change your mysql prompt.
quit      (\q) Quit mysql.
rehash    (\#) Rebuild completion hash.
source    (\.) Execute an SQL script file. Takes a file name as an argument.
status    (\s) Get status information from the server.
system    (\!) Execute a system shell command.
tee       (\T) Set outfile [to_outfile]. Append everything into given outfile.
use       (\u) Use another database. Takes database name as argument.
charset   (\C) Switch to another charset. Might be needed for processing binlog with multi-byte charsets.
warnings  (\W) Show warnings after every statement.
nowarning (\w) Don't show warnings after every statement.
resetconnection(\x) Clean session context.

For server side help, type 'help contents'

mysql> show pet
    -> ;
ERROR 1064 (42000): You have an error in your SQL syntax; check the manual that corresponds to your MySQL server version for the right syntax to use near 'pet' at line 1
mysql> show tables;
+---------------------+
| Tables_in_menagerie |
+---------------------+
| pet                 |
+---------------------+
1 row in set (0.00 sec)

mysql> show pet;
ERROR 1064 (42000): You have an error in your SQL syntax; check the manual that corresponds to your MySQL server version for the right syntax to use near 'pet' at line 1
mysql> describe pet;
+---------+-------------+------+-----+---------+-------+
| Field   | Type        | Null | Key | Default | Extra |
+---------+-------------+------+-----+---------+-------+
| name    | varchar(20) | YES  |     | NULL    |       |
| owner   | varchar(20) | YES  |     | NULL    |       |
| species | varchar(20) | YES  |     | NULL    |       |
| sex     | char(1)     | YES  |     | NULL    |       |
| birth   | date        | YES  |     | NULL    |       |
| death   | date        | YES  |     | NULL    |       |
+---------+-------------+------+-----+---------+-------+
6 rows in set (0.00 sec)

mysql> select name from pet where species='cat'
    -> ;
+--------+
| name   |
+--------+
| Fluffy |
| Claws  |
+--------+
2 rows in set (0.00 sec)

mysql> update pet set birth='1989-08-31' where name='Bowser';
Query OK, 1 row affected (0.04 sec)
Rows matched: 1  Changed: 1  Warnings: 0

mysql> select * from pet;
+--------+--------+---------+------+------------+------------+
| name   | owner  | species | sex  | birth      | death      |
+--------+--------+---------+------+------------+------------+
| Fluffy | Harold | cat     | f    | 1993-02-04 | NULL       |
| Claws  | Gwen   | cat     | m    | 1994-03-17 | NULL       |
| Bowser | Diane  | dog     | m    | 1989-08-31 | 1995-07-29 |
+--------+--------+---------+------+------------+------------+
3 rows in set (0.00 sec)

mysql> select * from pet where name = 'Bowser'
    -> ;
+--------+-------+---------+------+------------+------------+
| name   | owner | species | sex  | birth      | death      |
+--------+-------+---------+------+------------+------------+
| Bowser | Diane | dog     | m    | 1989-08-31 | 1995-07-29 |
+--------+-------+---------+------+------------+------------+
1 row in set (0.00 sec)

mysql> select * from pet where birth >= '1998-1-1';
Empty set (0.00 sec)

mysql> select * from pet where birth <= '1998-1-1';
+--------+--------+---------+------+------------+------------+
| name   | owner  | species | sex  | birth      | death      |
+--------+--------+---------+------+------------+------------+
| Fluffy | Harold | cat     | f    | 1993-02-04 | NULL       |
| Claws  | Gwen   | cat     | m    | 1994-03-17 | NULL       |
| Bowser | Diane  | dog     | m    | 1989-08-31 | 1995-07-29 |
+--------+--------+---------+------+------------+------------+
3 rows in set (0.00 sec)

mysql> select * from pet where birth >= '1993-1-1';
+--------+--------+---------+------+------------+-------+
| name   | owner  | species | sex  | birth      | death |
+--------+--------+---------+------+------------+-------+
| Fluffy | Harold | cat     | f    | 1993-02-04 | NULL  |
| Claws  | Gwen   | cat     | m    | 1994-03-17 | NULL  |
+--------+--------+---------+------+------------+-------+
2 rows in set (0.00 sec)

mysql> select * from pet where species = 'dog' and sex = 'f';
Empty set (0.00 sec)

mysql> select * from pet where species = 'snake' or species = 'bird';
Empty set (0.00 sec)

mysql> select * from pet where (species = 'cat' and sex = 'm')
    -> or (species = 'dog' and sex = 'f');
+-------+-------+---------+------+------------+-------+
| name  | owner | species | sex  | birth      | death |
+-------+-------+---------+------+------------+-------+
| Claws | Gwen  | cat     | m    | 1994-03-17 | NULL  |
+-------+-------+---------+------+------------+-------+
1 row in set (0.00 sec)

mysql> select name, birth from pet;
+--------+------------+
| name   | birth      |
+--------+------------+
| Fluffy | 1993-02-04 |
| Claws  | 1994-03-17 |
| Bowser | 1989-08-31 |
+--------+------------+
3 rows in set (0.00 sec)

mysql> select owner from pet;
+--------+
| owner  |
+--------+
| Harold |
| Gwen   |
| Diane  |
+--------+
3 rows in set (0.00 sec)

mysql> select distinct owner from pet;
+--------+
| owner  |
+--------+
| Harold |
| Gwen   |
| Diane  |
+--------+
3 rows in set (0.00 sec)

mysql> select name, species, birth from pet
    -> where species = 'dog' or species = 'cat';
+--------+---------+------------+
| name   | species | birth      |
+--------+---------+------------+
| Fluffy | cat     | 1993-02-04 |
| Claws  | cat     | 1994-03-17 |
| Bowser | dog     | 1989-08-31 |
+--------+---------+------------+
3 rows in set (0.00 sec)

mysql> select name, birth from pet order by birth;
+--------+------------+
| name   | birth      |
+--------+------------+
| Bowser | 1989-08-31 |
| Fluffy | 1993-02-04 |
| Claws  | 1994-03-17 |
+--------+------------+
3 rows in set (0.00 sec)

mysql> select name, birth from pet order by birth desc;
+--------+------------+
| name   | birth      |
+--------+------------+
| Claws  | 1994-03-17 |
| Fluffy | 1993-02-04 |
| Bowser | 1989-08-31 |
+--------+------------+
3 rows in set (0.00 sec)

mysql> select name, species, birth from pet
    -> order by species, birth desc;
+--------+---------+------------+
| name   | species | birth      |
+--------+---------+------------+
| Claws  | cat     | 1994-03-17 |
| Fluffy | cat     | 1993-02-04 |
| Bowser | dog     | 1989-08-31 |
+--------+---------+------------+
3 rows in set (0.00 sec)

mysql> select name, birth, curdate(),
    -> timestampdiff(year, birth, curdate()) as age
    -> from pet;
+--------+------------+------------+------+
| name   | birth      | curdate()  | age  |
+--------+------------+------------+------+
| Fluffy | 1993-02-04 | 2017-07-10 |   24 |
| Claws  | 1994-03-17 | 2017-07-10 |   23 |
| Bowser | 1989-08-31 | 2017-07-10 |   27 |
+--------+------------+------------+------+
3 rows in set (0.00 sec)

mysql> select name, birth, curdate(), timestampdiff(year, birth, curdate()) as age from pet order by name;
+--------+------------+------------+------+
| name   | birth      | curdate()  | age  |
+--------+------------+------------+------+
| Bowser | 1989-08-31 | 2017-07-10 |   27 |
| Claws  | 1994-03-17 | 2017-07-10 |   23 |
| Fluffy | 1993-02-04 | 2017-07-10 |   24 |
+--------+------------+------------+------+
3 rows in set (0.00 sec)

mysql> select name, birth, curdate(), timestampdiff(year, birth, curdate()) as age from pet order by age;
+--------+------------+------------+------+
| name   | birth      | curdate()  | age  |
+--------+------------+------------+------+
| Claws  | 1994-03-17 | 2017-07-10 |   23 |
| Fluffy | 1993-02-04 | 2017-07-10 |   24 |
| Bowser | 1989-08-31 | 2017-07-10 |   27 |
+--------+------------+------------+------+
3 rows in set (0.00 sec)

mysql> select name, birth, curdate(), timestampdiff(year, birth, curdate()) as age from pet order by age desc;
+--------+------------+------------+------+
| name   | birth      | curdate()  | age  |
+--------+------------+------------+------+
| Bowser | 1989-08-31 | 2017-07-10 |   27 |
| Fluffy | 1993-02-04 | 2017-07-10 |   24 |
| Claws  | 1994-03-17 | 2017-07-10 |   23 |
+--------+------------+------------+------+
3 rows in set (0.00 sec)

mysql> select name, birth, curdate(), timestampdiff(year, birth, curdate()) as age from pet where death is not null;
+--------+------------+------------+------+
| name   | birth      | curdate()  | age  |
+--------+------------+------------+------+
| Bowser | 1989-08-31 | 2017-07-10 |   27 |
+--------+------------+------------+------+
1 row in set (0.00 sec)

mysql> select name, birth, curdate(), timestampdiff(year, birth, death) as age from pet where death is not null;
+--------+------------+------------+------+
| name   | birth      | curdate()  | age  |
+--------+------------+------------+------+
| Bowser | 1989-08-31 | 2017-07-10 |    5 |
+--------+------------+------------+------+
1 row in set (0.00 sec)

mysql> select name, birth, month(birth) from pet;
+--------+------------+--------------+
| name   | birth      | month(birth) |
+--------+------------+--------------+
| Fluffy | 1993-02-04 |            2 |
| Claws  | 1994-03-17 |            3 |
| Bowser | 1989-08-31 |            8 |
+--------+------------+--------------+
3 rows in set (0.00 sec)

mysql> select name, birth from pet where month(birth) = 5;
Empty set (0.00 sec)

mysql> select name, birth from pet where month(birth) = 8;
+--------+------------+
| name   | birth      |
+--------+------------+
| Bowser | 1989-08-31 |
+--------+------------+
1 row in set (0.00 sec)

mysql> select name, birth from pet
    -> where month(birth) = month(date_add(curdate(), interval 1 month));
+--------+------------+
| name   | birth      |
+--------+------------+
| Bowser | 1989-08-31 |
+--------+------------+
1 row in set (0.00 sec)

mysql> select name, birth from pet
    -> where month(birth) = mod(month(curdate()), 12) + 1;
+--------+------------+
| name   | birth      |
+--------+------------+
| Bowser | 1989-08-31 |
+--------+------------+
1 row in set (0.00 sec)

mysql> select 1 is null, 1 is not null;
+-----------+---------------+
| 1 is null | 1 is not null |
+-----------+---------------+
|         0 |             1 |
+-----------+---------------+
1 row in set (0.00 sec)

mysql> select * from pet where name like 'b%';
+--------+-------+---------+------+------------+------------+
| name   | owner | species | sex  | birth      | death      |
+--------+-------+---------+------+------------+------------+
| Bowser | Diane | dog     | m    | 1989-08-31 | 1995-07-29 |
+--------+-------+---------+------+------------+------------+
1 row in set (0.00 sec)

mysql> select * from pet where name like '%fy';
+--------+--------+---------+------+------------+-------+
| name   | owner  | species | sex  | birth      | death |
+--------+--------+---------+------+------------+-------+
| Fluffy | Harold | cat     | f    | 1993-02-04 | NULL  |
+--------+--------+---------+------+------------+-------+
1 row in set (0.00 sec)

mysql> select * from pet where name like '%w%';
+--------+-------+---------+------+------------+------------+
| name   | owner | species | sex  | birth      | death      |
+--------+-------+---------+------+------------+------------+
| Claws  | Gwen  | cat     | m    | 1994-03-17 | NULL       |
| Bowser | Diane | dog     | m    | 1989-08-31 | 1995-07-29 |
+--------+-------+---------+------+------------+------------+
2 rows in set (0.00 sec)

mysql> select * from pet where name like '_____';
+-------+-------+---------+------+------------+-------+
| name  | owner | species | sex  | birth      | death |
+-------+-------+---------+------+------------+-------+
| Claws | Gwen  | cat     | m    | 1994-03-17 | NULL  |
+-------+-------+---------+------+------------+-------+
1 row in set (0.00 sec)

mysql> select * from pet where name rlike '^b';
+--------+-------+---------+------+------------+------------+
| name   | owner | species | sex  | birth      | death      |
+--------+-------+---------+------+------------+------------+
| Bowser | Diane | dog     | m    | 1989-08-31 | 1995-07-29 |
+--------+-------+---------+------+------------+------------+
1 row in set (0.00 sec)

mysql> select * from pet where name rlike binary '^b';
Empty set (0.00 sec)

mysql> select * from pet where name rlike binary '^B';
+--------+-------+---------+------+------------+------------+
| name   | owner | species | sex  | birth      | death      |
+--------+-------+---------+------+------------+------------+
| Bowser | Diane | dog     | m    | 1989-08-31 | 1995-07-29 |
+--------+-------+---------+------+------------+------------+
1 row in set (0.00 sec)

mysql> select * from pet where name rlike 'fy$';
+--------+--------+---------+------+------------+-------+
| name   | owner  | species | sex  | birth      | death |
+--------+--------+---------+------+------------+-------+
| Fluffy | Harold | cat     | f    | 1993-02-04 | NULL  |
+--------+--------+---------+------+------------+-------+
1 row in set (0.00 sec)

mysql> select * from pet where name rlike '^.{5}$';
+-------+-------+---------+------+------------+-------+
| name  | owner | species | sex  | birth      | death |
+-------+-------+---------+------+------------+-------+
| Claws | Gwen  | cat     | m    | 1994-03-17 | NULL  |
+-------+-------+---------+------+------------+-------+
1 row in set (0.00 sec)

mysql> select count(*) from pet;
+----------+
| count(*) |
+----------+
|        3 |
+----------+
1 row in set (0.01 sec)

mysql> select owner, count(*) from pet group by owner;
+--------+----------+
| owner  | count(*) |
+--------+----------+
| Diane  |        1 |
| Gwen   |        1 |
| Harold |        1 |
+--------+----------+
3 rows in set (0.00 sec)

mysql> select species, count(*) from pet group by species;
+---------+----------+
| species | count(*) |
+---------+----------+
| cat     |        2 |
| dog     |        1 |
+---------+----------+
2 rows in set (0.00 sec)

mysql> select sex, count(*) from pet group by sex;
+------+----------+
| sex  | count(*) |
+------+----------+
| f    |        1 |
| m    |        2 |
+------+----------+
2 rows in set (0.00 sec)

mysql> select species, sex, count(*) from pet group by species, sex;
+---------+------+----------+
| species | sex  | count(*) |
+---------+------+----------+
| cat     | f    |        1 |
| cat     | m    |        1 |
| dog     | m    |        1 |
+---------+------+----------+
3 rows in set (0.00 sec)

mysql> select species, sex, count(*) from pet
    -> where species = 'dog' or species = 'cat'
    -> group by species, sex;
+---------+------+----------+
| species | sex  | count(*) |
+---------+------+----------+
| cat     | f    |        1 |
| cat     | m    |        1 |
| dog     | m    |        1 |
+---------+------+----------+
3 rows in set (0.00 sec)

mysql> create table event (name varchar(20), date date,
    -> type varchar(15), remark varchar(255));
Query OK, 0 rows affected (0.22 sec)

mysql> load data local infile 'event.txt' into table event;
ERROR 2 (HY000): File 'event.txt' not found (Errcode: 2 - No such file or directory)
mysql> load data local infile '/home/franklin/Documents/mysql/event.txt' into table event;
Query OK, 10 rows affected, 3 warnings (0.09 sec)
Records: 10  Deleted: 0  Skipped: 0  Warnings: 3

mysql> select * from event
    -> ;
+----------+------------+------------+-----------------------------+
| name     | date       | type       | remark                      |
+----------+------------+------------+-----------------------------+
| Fluffy   | 1995-05-15 | litter     | 4 kittens, 3 female, 1 male |
| Buffy    | 1993-06-23 | litter     | 5 puppies, 2 female, 3 male |
| Buffy    | 1994-06-19 | litter     | 3 puppies, 3 female         |
| Chirpy   | 1999-03-21 | vet        | needed beak straightened    |
| Slim     | 1997-08-03 | vet        | broken rib                  |
| Bowser   | 1991-10-12 | kennel     | NULL                        |
| Fang     | 1991-10-12 | kennel     | NULL                        |
| Fang     | 1998-08-28 | birthday   | Gave him a new chew toy     |
| Claws    | 1998-03-17 | birthday   | Gave him a new flea collar  |
| Whistler | 0000-00-00 | 1998-12-09 | birthday First birthday     |
+----------+------------+------------+-----------------------------+
10 rows in set (0.00 sec)

mysql> load data local infile '/home/franklin/Documents/mysql/pets.txt' into table pet;
Query OK, 9 rows affected, 11 warnings (0.08 sec)
Records: 9  Deleted: 0  Skipped: 0  Warnings: 11

mysql> select * from pet;
+----------+--------+---------+------+------------+------------+
| name     | owner  | species | sex  | birth      | death      |
+----------+--------+---------+------+------------+------------+
| Fluffy   | Harold | cat     | f    | 1993-02-04 | NULL       |
| Claws    | Gwen   | cat     | m    | 1994-03-17 | NULL       |
| Bowser   | Diane  | dog     | m    | 1989-08-31 | 1995-07-29 |
| Fluffy   | Harold | cat     | f    | 1993-02-04 | NULL       |
| Claws    | Gwen   | cat     | m    | 1994-03-17 | NULL       |
| Buffy    | Harold | dog     | f    | 1989-05-13 | NULL       |
| Fang     | Benny  | dog     | m    | 1990-08-27 | NULL       |
| Bowser   | Diane  | dog     | m    | 1979-08-31 | 1995-07-29 |
| Chirpy   | Gwen   | bird    | f    | 1998-09-11 | NULL       |
| Whistler | Gwen   | bird    |      | 1997-12-09 | NULL       |
| Slim     |        | Benny   | s    | 0000-00-00 | 0000-00-00 |
| Whistler | Gwen   | bird    |      | 0000-00-00 | 1997-12-09 |
+----------+--------+---------+------+------------+------------+
12 rows in set (0.00 sec)

mysql> select pet.name,
    -> tamestampdiff(year,birth,date) as age,
    -> remark
    -> from pet inner join event
    -> on pet.name = event.name
    -> where event.type = 'litter';
ERROR 1305 (42000): FUNCTION menagerie.tamestampdiff does not exist
mysql> select pet.name, timestampdiff(year,birth,date) as age, remark from pet inner join event on pet.name = event.name where event.type = 'litter';
+--------+------+-----------------------------+
| name   | age  | remark                      |
+--------+------+-----------------------------+
| Fluffy |    2 | 4 kittens, 3 female, 1 male |
| Fluffy |    2 | 4 kittens, 3 female, 1 male |
| Buffy  |    4 | 5 puppies, 2 female, 3 male |
| Buffy  |    5 | 3 puppies, 3 female         |
+--------+------+-----------------------------+
4 rows in set (0.00 sec)

mysql> select p1.name, p1.sex, p2.name, p2.sex, p1.species
    -> from pet as p1 inner join pet as p2
    -> on p1.species = p2.species and p1.sex = 'f' and p2.sex = 'm';
+--------+------+--------+------+---------+
| name   | sex  | name   | sex  | species |
+--------+------+--------+------+---------+
| Fluffy | f    | Claws  | m    | cat     |
| Fluffy | f    | Claws  | m    | cat     |
| Buffy  | f    | Bowser | m    | dog     |
| Fluffy | f    | Claws  | m    | cat     |
| Fluffy | f    | Claws  | m    | cat     |
| Buffy  | f    | Fang   | m    | dog     |
| Buffy  | f    | Bowser | m    | dog     |
+--------+------+--------+------+---------+
7 rows in set (0.01 sec)

mysql> show pet
    -> ;
ERROR 1064 (42000): You have an error in your SQL syntax; check the manual that corresponds to your MySQL server version for the right syntax to use near 'pet' at line 1
mysql> select * from pet;
+----------+--------+---------+------+------------+------------+
| name     | owner  | species | sex  | birth      | death      |
+----------+--------+---------+------+------------+------------+
| Fluffy   | Harold | cat     | f    | 1993-02-04 | NULL       |
| Claws    | Gwen   | cat     | m    | 1994-03-17 | NULL       |
| Bowser   | Diane  | dog     | m    | 1989-08-31 | 1995-07-29 |
| Fluffy   | Harold | cat     | f    | 1993-02-04 | NULL       |
| Claws    | Gwen   | cat     | m    | 1994-03-17 | NULL       |
| Buffy    | Harold | dog     | f    | 1989-05-13 | NULL       |
| Fang     | Benny  | dog     | m    | 1990-08-27 | NULL       |
| Bowser   | Diane  | dog     | m    | 1979-08-31 | 1995-07-29 |
| Chirpy   | Gwen   | bird    | f    | 1998-09-11 | NULL       |
| Whistler | Gwen   | bird    |      | 1997-12-09 | NULL       |
| Slim     |        | Benny   | s    | 0000-00-00 | 0000-00-00 |
| Whistler | Gwen   | bird    |      | 0000-00-00 | 1997-12-09 |
+----------+--------+---------+------+------------+------------+
12 rows in set (0.00 sec)

mysql> select database();
+------------+
| database() |
+------------+
| menagerie  |
+------------+
1 row in set (0.00 sec)

mysql> show tables;
+---------------------+
| Tables_in_menagerie |
+---------------------+
| event               |
| pet                 |
+---------------------+
2 rows in set (0.00 sec)

mysql> describe pet;
+---------+-------------+------+-----+---------+-------+
| Field   | Type        | Null | Key | Default | Extra |
+---------+-------------+------+-----+---------+-------+
| name    | varchar(20) | YES  |     | NULL    |       |
| owner   | varchar(20) | YES  |     | NULL    |       |
| species | varchar(20) | YES  |     | NULL    |       |
| sex     | char(1)     | YES  |     | NULL    |       |
| birth   | date        | YES  |     | NULL    |       |
| death   | date        | YES  |     | NULL    |       |
+---------+-------------+------+-----+---------+-------+
6 rows in set (0.00 sec)

mysql> describe event;
+--------+--------------+------+-----+---------+-------+
| Field  | Type         | Null | Key | Default | Extra |
+--------+--------------+------+-----+---------+-------+
| name   | varchar(20)  | YES  |     | NULL    |       |
| date   | date         | YES  |     | NULL    |       |
| type   | varchar(15)  | YES  |     | NULL    |       |
| remark | varchar(255) | YES  |     | NULL    |       |
+--------+--------------+------+-----+---------+-------+
4 rows in set (0.00 sec)

mysql> show create table;
ERROR 1064 (42000): You have an error in your SQL syntax; check the manual that corresponds to your MySQL server version for the right syntax to use near '' at line 1
mysql> show create table();
ERROR 1064 (42000): You have an error in your SQL syntax; check the manual that corresponds to your MySQL server version for the right syntax to use near '()' at line 1
mysql> quit
Bye
franklin@Rorschach:~$ mysql -u franklin menagerie
Reading table information for completion of table and column names
You can turn off this feature to get a quicker startup with -A

Welcome to the MySQL monitor.  Commands end with ; or \g.
Your MySQL connection id is 11
Server version: 5.7.18 MySQL Community Server (GPL)

Copyright (c) 2000, 2017, Oracle and/or its affiliates. All rights reserved.

Oracle is a registered trademark of Oracle Corporation and/or its
affiliates. Other names may be trademarks of their respective
owners.

Type 'help;' or '\h' for help. Type '\c' to clear the current input statement.

mysql> describe event
    -> ;
+--------+--------------+------+-----+---------+-------+
| Field  | Type         | Null | Key | Default | Extra |
+--------+--------------+------+-----+---------+-------+
| name   | varchar(20)  | YES  |     | NULL    |       |
| date   | date         | YES  |     | NULL    |       |
| type   | varchar(15)  | YES  |     | NULL    |       |
| remark | varchar(255) | YES  |     | NULL    |       |
+--------+--------------+------+-----+---------+-------+
4 rows in set (0.00 sec)

mysql> quit
Bye
franklin@Rorschach:~$ ls -lh
total 112K
drwxr-xr-x  2 franklin franklin 4.0K Jul  3 11:03 Desktop
drwxr-xr-x  6 franklin franklin 4.0K Jul 10 13:16 Documents
drwxr-xr-x  3 franklin franklin 4.0K Jul 10 12:37 Downloads
drwxrwxr-x 10 franklin franklin 4.0K Jul  5 14:34 ESS
-rw-r--r--  1 franklin franklin 8.8K Jul  3 10:29 examples.desktop
drwxr-xr-x  2 franklin franklin 4.0K Jul  3 11:03 Music
drwxr-xr-x  2 franklin franklin 4.0K Jul  3 11:03 Pictures
drwxr-xr-x  2 franklin franklin 4.0K Jul  3 11:03 Public
drwxrwxr-x  3 franklin franklin 4.0K Jul  7 10:18 R
drwxr-xr-x  2 franklin franklin 4.0K Jul  3 11:03 Templates
-rw-rw-r--  1 franklin franklin  372 Jul  7 12:24 temp.org
-rw-rw-r--  1 franklin franklin  341 Jul  7 11:40 temp.org~
-rw-rw-r--  1 franklin franklin  101 Jul  7 12:03 #temp.R#
drwxr-xr-x  2 franklin franklin 4.0K Jul  3 11:03 Videos
franklin@Rorschach:~$ cd Documents/mysql/
franklin@Rorschach:~/Documents/mysql$ ls -lh
total 48K
-rw-rw-r-- 1 franklin franklin 422 Jul 10 14:04 event.txt
-rw-rw-r-- 1 franklin franklin 284 Jul 10 14:06 pets.txt
-rw-rw-r-- 1 franklin franklin 106 Jul 10 13:17 pets.txt~
-rw-rw-r-- 1 franklin franklin 392 Jul 10 14:27 shop.txt
franklin@Rorschach:~/Documents/mysql$ mv shop.txt shop.sql
franklin@Rorschach:~/Documents/mysql$ mysql -u franklin menagerie < shop.sql
franklin@Rorschach:~/Documents/mysql$ mysql -u franklin ^C
franklin@Rorschach:~/Documents/mysql$ mysql -u franklin shop
ERROR 1049 (42000): Unknown database 'shop'
franklin@Rorschach:~/Documents/mysql$ mysql -u franklin menagerie < shop.sql^C
franklin@Rorschach:~/Documents/mysql$ mysql -u franklin menagerie
Reading table information for completion of table and column names
You can turn off this feature to get a quicker startup with -A

Welcome to the MySQL monitor.  Commands end with ; or \g.
Your MySQL connection id is 14
Server version: 5.7.18 MySQL Community Server (GPL)

Copyright (c) 2000, 2017, Oracle and/or its affiliates. All rights reserved.

Oracle is a registered trademark of Oracle Corporation and/or its
affiliates. Other names may be trademarks of their respective
owners.

Type 'help;' or '\h' for help. Type '\c' to clear the current input statement.

mysql> show tables
    -> ;
+---------------------+
| Tables_in_menagerie |
+---------------------+
| event               |
| pet                 |
| shop                |
+---------------------+
3 rows in set (0.00 sec)

mysql> use shop;
ERROR 1049 (42000): Unknown database 'shop'
mysql> select * from shop;
+---------+--------+-------+
| article | dealer | price |
+---------+--------+-------+
|    0001 | A      |  3.45 |
|    0001 | B      |  3.99 |
|    0002 | A      | 10.99 |
|    0003 | B      |  1.45 |
|    0003 | C      |  1.69 |
|    0003 | D      |  1.25 |
|    0004 | D      | 19.95 |
+---------+--------+-------+
7 rows in set (0.00 sec)

mysql> select max(article) from shop as article;
+--------------+
| max(article) |
+--------------+
|            4 |
+--------------+
1 row in set (0.00 sec)

mysql> select article, dealer, price
    -> from shop
    -> where price=(select max(price) from shop);
+---------+--------+-------+
| article | dealer | price |
+---------+--------+-------+
|    0004 | D      | 19.95 |
+---------+--------+-------+
1 row in set (0.00 sec)

mysql> select s1.article, s1.dealer, s1.price
    -> from shop s1
    -> left join shop s2 on s1.price < s2.price
    -> where s2.article is null;
+---------+--------+-------+
| article | dealer | price |
+---------+--------+-------+
|    0004 | D      | 19.95 |
+---------+--------+-------+
1 row in set (0.00 sec)

mysql> select article, dealer, price
    -> from shop
    -> order by price desc
    -> limit 1;
+---------+--------+-------+
| article | dealer | price |
+---------+--------+-------+
|    0004 | D      | 19.95 |
+---------+--------+-------+
1 row in set (0.00 sec)

mysql> select article, max(price) as price
    -> from shop
    -> group by article;
+---------+-------+
| article | price |
+---------+-------+
|    0001 |  3.99 |
|    0002 | 10.99 |
|    0003 |  1.69 |
|    0004 | 19.95 |
+---------+-------+
4 rows in set (0.00 sec)

mysql> select article, dealer, price
    -> from shop s1
    -> where price=(select max(s2.price)
    -> from shop s2
    -> where s1.article = s2.article);
+---------+--------+-------+
| article | dealer | price |
+---------+--------+-------+
|    0001 | B      |  3.99 |
|    0002 | A      | 10.99 |
|    0003 | C      |  1.69 |
|    0004 | D      | 19.95 |
+---------+--------+-------+
4 rows in set (0.00 sec)

mysql> select s1.article, dearler, s1.price
    -> from shop s1
    -> join (
    -> select article max(price) as price
    -> from shop
    -> group by article) as s2
    -> on s1.article = s2.article and s1.price = s2.price;
ERROR 1064 (42000): You have an error in your SQL syntax; check the manual that corresponds to your MySQL server version for the right syntax to use near 'max(price) as price
from shop
group by article) as s2
on s1.article = s2.article' at line 4
mysql> select s1.article, dealer, s1.price from shop s1 join (select article, max(price) as price from shop group by article) as s2 on s1.article = s2.article and s1.price = s2.price;
+---------+--------+-------+
| article | dealer | price |
+---------+--------+-------+
|    0001 | B      |  3.99 |
|    0002 | A      | 10.99 |
|    0003 | C      |  1.69 |
|    0004 | D      | 19.95 |
+---------+--------+-------+
4 rows in set (0.00 sec)

mysql> select s1.article, s1.dealer, s1.price
    -> from shop s1
    -> left join shop s2 on s1.article = s2.article and s1.price < s2.price
    -> where s2.article is null;
+---------+--------+-------+
| article | dealer | price |
+---------+--------+-------+
|    0001 | B      |  3.99 |
|    0002 | A      | 10.99 |
|    0003 | C      |  1.69 |
|    0004 | D      | 19.95 |
+---------+--------+-------+
4 rows in set (0.00 sec)

mysql> select @min_price:=min(price),@max_price:=max(price) from shop;
+------------------------+------------------------+
| @min_price:=min(price) | @max_price:=max(price) |
+------------------------+------------------------+
|                   1.25 |                  19.95 |
+------------------------+------------------------+
1 row in set (0.00 sec)

mysql> select * from shop where price=@min_price or price=@max_price;
+---------+--------+-------+
| article | dealer | price |
+---------+--------+-------+
|    0003 | D      |  1.25 |
|    0004 | D      | 19.95 |
+---------+--------+-------+
2 rows in set (0.00 sec)

mysql> show create table pet;
+-------+-----------------------------------------------------------------------------------------------------------------------------------------------------------------------------------------------------------------------------------------------------------------+
| Table | Create Table                                                                                                                                                                                                                                                    |
+-------+-----------------------------------------------------------------------------------------------------------------------------------------------------------------------------------------------------------------------------------------------------------------+
| pet   | CREATE TABLE `pet` (
  `name` varchar(20) DEFAULT NULL,
  `owner` varchar(20) DEFAULT NULL,
  `species` varchar(20) DEFAULT NULL,
  `sex` char(1) DEFAULT NULL,
  `birth` date DEFAULT NULL,
  `death` date DEFAULT NULL
) ENGINE=InnoDB DEFAULT CHARSET=latin1 |
+-------+-----------------------------------------------------------------------------------------------------------------------------------------------------------------------------------------------------------------------------------------------------------------+
1 row in set (0.00 sec)

mysql> create table person (
    -> id smallint unsigned not null aut_increment,
    -> name char(60) not null,
    -> primary key (id)
    -> );
ERROR 1064 (42000): You have an error in your SQL syntax; check the manual that corresponds to your MySQL server version for the right syntax to use near 'aut_increment,
name char(60) not null,
primary key (id)
)' at line 2
mysql> create table person (id smallint unsigned not null auto_increment, name char(60) not null, primary key (id) );
Query OK, 0 rows affected (0.27 sec)

mysql> show create table person;
+--------+----------------------------------------------------------------------------------------------------------------------------------------------------------------------+
| Table  | Create Table                                                                                                                                                         |
+--------+----------------------------------------------------------------------------------------------------------------------------------------------------------------------+
| person | CREATE TABLE `person` (
  `id` smallint(5) unsigned NOT NULL AUTO_INCREMENT,
  `name` char(60) NOT NULL,
  PRIMARY KEY (`id`)
) ENGINE=InnoDB DEFAULT CHARSET=latin1 |
+--------+----------------------------------------------------------------------------------------------------------------------------------------------------------------------+
1 row in set (0.00 sec)

mysql> describe person;
+-------+----------------------+------+-----+---------+----------------+
| Field | Type                 | Null | Key | Default | Extra          |
+-------+----------------------+------+-----+---------+----------------+
| id    | smallint(5) unsigned | NO   | PRI | NULL    | auto_increment |
| name  | char(60)             | NO   |     | NULL    |                |
+-------+----------------------+------+-----+---------+----------------+
2 rows in set (0.00 sec)

mysql> create table shirt (
    -> id smallint unsigned not null auto_increment,
    -> style enum('t-shirt', 'polo', 'dress') not null,
    -> color enum('red', 'blue', 'orange', 'white', 'black') not null,
    -> owner smallint unsigned not null references person(id),
    -> primary key (id)
    -> );
Query OK, 0 rows affected (0.22 sec)

mysql> show create table shirt;
+-------+-----------------------------------------------------------------------------------------------------------------------------------------------------------------------------------------------------------------------------------------------------------------------------------------------------+
| Table | Create Table                                                                                                                                                                                                                                                                                        |
+-------+-----------------------------------------------------------------------------------------------------------------------------------------------------------------------------------------------------------------------------------------------------------------------------------------------------+
| shirt | CREATE TABLE `shirt` (
  `id` smallint(5) unsigned NOT NULL AUTO_INCREMENT,
  `style` enum('t-shirt','polo','dress') NOT NULL,
  `color` enum('red','blue','orange','white','black') NOT NULL,
  `owner` smallint(5) unsigned NOT NULL,
  PRIMARY KEY (`id`)
) ENGINE=InnoDB DEFAULT CHARSET=latin1 |
+-------+-----------------------------------------------------------------------------------------------------------------------------------------------------------------------------------------------------------------------------------------------------------------------------------------------------+
1 row in set (0.00 sec)

mysql> describe shirt;
+-------+---------------------------------------------+------+-----+---------+----------------+
| Field | Type                                        | Null | Key | Default | Extra          |
+-------+---------------------------------------------+------+-----+---------+----------------+
| id    | smallint(5) unsigned                        | NO   | PRI | NULL    | auto_increment |
| style | enum('t-shirt','polo','dress')              | NO   |     | NULL    |                |
| color | enum('red','blue','orange','white','black') | NO   |     | NULL    |                |
| owner | smallint(5) unsigned                        | NO   |     | NULL    |                |
+-------+---------------------------------------------+------+-----+---------+----------------+
4 rows in set (0.00 sec)

mysql> insert into person values (null, 'Antonio Paz');
Query OK, 1 row affected (0.03 sec)

mysql> select @last := last_insert_id();
+---------------------------+
| @last := last_insert_id() |
+---------------------------+
|                         1 |
+---------------------------+
1 row in set (0.00 sec)

mysql> insert into shirt values
    -> (null, 'polo', 'blue', @last),
    -> (null, 'dress', 'white', @last),
    -> (null, 't-shirt', 'blue', @last);
Query OK, 3 rows affected (0.04 sec)
Records: 3  Duplicates: 0  Warnings: 0

mysql> select * from shirt
    -> ;
+----+---------+-------+-------+
| id | style   | color | owner |
+----+---------+-------+-------+
|  1 | polo    | blue  |     1 |
|  2 | dress   | white |     1 |
|  3 | t-shirt | blue  |     1 |
+----+---------+-------+-------+
3 rows in set (0.00 sec)

mysql> insert into person values (null, 'Lilliana Angelovska');
Query OK, 1 row affected (0.03 sec)

mysql> select @last := last_insert_id();
+---------------------------+
| @last := last_insert_id() |
+---------------------------+
|                         2 |
+---------------------------+
1 row in set (0.00 sec)

mysql> insert into shirt values
    -> \c
mysql> @last
    -> ;
ERROR 1064 (42000): You have an error in your SQL syntax; check the manual that corresponds to your MySQL server version for the right syntax to use near '@last' at line 1
mysql> @last;
ERROR 1064 (42000): You have an error in your SQL syntax; check the manual that corresponds to your MySQL server version for the right syntax to use near '@last' at line 1
mysql> insert into shirt values
    -> (null, 'dress', 'orange', @last),
    -> (null, 'polo', 'red', @last),
    -> (null, 'dress', 'blue', @last),
    -> (null, 't-shirt', 'white', @last);
Query OK, 4 rows affected (0.02 sec)
Records: 4  Duplicates: 0  Warnings: 0

mysql> select * from person;
+----+---------------------+
| id | name                |
+----+---------------------+
|  1 | Antonio Paz         |
|  2 | Lilliana Angelovska |
+----+---------------------+
2 rows in set (0.00 sec)

mysql> select * from shirt;
+----+---------+--------+-------+
| id | style   | color  | owner |
+----+---------+--------+-------+
|  1 | polo    | blue   |     1 |
|  2 | dress   | white  |     1 |
|  3 | t-shirt | blue   |     1 |
|  4 | dress   | orange |     2 |
|  5 | polo    | red    |     2 |
|  6 | dress   | blue   |     2 |
|  7 | t-shirt | white  |     2 |
+----+---------+--------+-------+
7 rows in set (0.00 sec)

mysql> select s.* from person p inner join shirt s
    -> on s.owner = p.id
    -> where p.name like 'Lilliana%'
    -> and s.color <> 'white';
+----+-------+--------+-------+
| id | style | color  | owner |
+----+-------+--------+-------+
|  4 | dress | orange |     2 |
|  5 | polo  | red    |     2 |
|  6 | dress | blue   |     2 |
+----+-------+--------+-------+
3 rows in set (0.00 sec)

mysql> show create table shirt\G
*************************** 1. row ***************************
       Table: shirt
Create Table: CREATE TABLE `shirt` (
  `id` smallint(5) unsigned NOT NULL AUTO_INCREMENT,
  `style` enum('t-shirt','polo','dress') NOT NULL,
  `color` enum('red','blue','orange','white','black') NOT NULL,
  `owner` smallint(5) unsigned NOT NULL,
  PRIMARY KEY (`id`)
) ENGINE=InnoDB AUTO_INCREMENT=8 DEFAULT CHARSET=latin1
1 row in set (0.00 sec)

mysql> select style, color from shirt
    -> where style = 'polo' or color = 'red'
    -> ;
+-------+-------+
| style | color |
+-------+-------+
| polo  | blue  |
| polo  | red   |
+-------+-------+
2 rows in set (0.00 sec)

mysql> select style, color
    -> from shirt where style = 'polo'
    -> union
    -> select style, color
    -> from shirt where color = 'red';
+-------+-------+
| style | color |
+-------+-------+
| polo  | blue  |
| polo  | red   |
+-------+-------+
2 rows in set (0.00 sec)

mysql> create table t1 (year year(4), month int(2) unsigned zerofill,
    -> day int(2) unsigned zerofill);
Query OK, 0 rows affected (0.18 sec)

mysql> insert into t1 values(2000,1,1),(2000,1,20),(2000,1,30),(2000,2,2),(2000,2,23),(2000,2,23);
Query OK, 6 rows affected (0.04 sec)
Records: 6  Duplicates: 0  Warnings: 0

mysql> select * from t1
    -> ;
+------+-------+------+
| year | month | day  |
+------+-------+------+
| 2000 |    01 |   01 |
| 2000 |    01 |   20 |
| 2000 |    01 |   30 |
| 2000 |    02 |   02 |
| 2000 |    02 |   23 |
| 2000 |    02 |   23 |
+------+-------+------+
6 rows in set (0.00 sec)

mysql> select year,month,bit_count(bit_or(1<<day)) as days from t1
    -> group by year,month;
+------+-------+------+
| year | month | days |
+------+-------+------+
| 2000 |    01 |    3 |
| 2000 |    02 |    2 |
+------+-------+------+
2 rows in set (0.00 sec)

mysql> create table animals(
    -> id mediumint not null auto_increment,
    -> name char(30) not null,
    -> primary key (id));
Query OK, 0 rows affected (0.19 sec)

mysql> describe animals;
+-------+--------------+------+-----+---------+----------------+
| Field | Type         | Null | Key | Default | Extra          |
+-------+--------------+------+-----+---------+----------------+
| id    | mediumint(9) | NO   | PRI | NULL    | auto_increment |
| name  | char(30)     | NO   |     | NULL    |                |
+-------+--------------+------+-----+---------+----------------+
2 rows in set (0.00 sec)

mysql> insert into animals (name) values
    -> ('dog'),('cat'),('penguin'),('lax'),('whale'),('ostrich');
Query OK, 6 rows affected (0.03 sec)
Records: 6  Duplicates: 0  Warnings: 0

mysql> select * from animals;
+----+---------+
| id | name    |
+----+---------+
|  1 | dog     |
|  2 | cat     |
|  3 | penguin |
|  4 | lax     |
|  5 | whale   |
|  6 | ostrich |
+----+---------+
6 rows in set (0.00 sec)

mysql> last insert id()
    -> ;
ERROR 1064 (42000): You have an error in your SQL syntax; check the manual that corresponds to your MySQL server version for the right syntax to use near 'last insert id()' at line 1
mysql> last_insert_id()
    -> ;
ERROR 1064 (42000): You have an error in your SQL syntax; check the manual that corresponds to your MySQL server version for the right syntax to use near 'last_insert_id()' at line 1
mysql>
